QUESTION 1:  
  1  CREATE TABLE CITIES
  2  AS (SELECT LOCATION_ID, STREET_ADDRESS, POSTAL_CODE, CITY, STATE_PROVINCE, COUNTRY_ID
  3     FROM LOCATIONS
  4*    WHERE (LOCATION_ID < 2000))
SQL> /

Table created.

SQL> DESCRIBE CITIES
 Name                                                                                                      Null?    Type
 ----------------------------------------------------------------------------------------------------------------- -------- ----------------------------------------------------------------------------
 LOCATION_ID                                                                                                        NUMBER(4)
 STREET_ADDRESS                                                                                                     VARCHAR2(40)
 POSTAL_CODE                                                                                                        VARCHAR2(12)
 CITY                                                                                                      NOT NULL VARCHAR2(30)
 STATE_PROVINCE                                                                                                     VARCHAR2(25)
 COUNTRY_ID                                                                                                         CHAR(2)

SQL> SELECT *
  2  FROM CITIES
  3  /

LOCATION_ID STREET_ADDRESS                           POSTAL_CODE  CITY                           STATE_PROVINCE            CO
----------- ---------------------------------------- ------------ ------------------------------ ------------------------- --
       1000 1297 Via Cola di Rie                     00989        Roma                                             IT
       1100 93091 Calle della Testa                  10934        Venice                                           IT
       1200 2017 Shinjuku-ku                         1689         Tokyo                          Tokyo Prefecture          JP
       1300 9450 Kamiya-cho                          6823         Hiroshima                                        JP
       1400 2014 Jabberwocky Rd                      26192        Southlake                      Texas                     US
       1500 2011 Interiors Blvd                      99236        South San Francisco            California                US
       1600 2007 Zagora St                           50090        South Brunswick                New Jersey                US
       1700 2004 Charade Rd                          98199        Seattle                        Washington                US
       1800 147 Spadina Ave                          M5V 2L7      Toronto                        Ontario                   CA
       1900 6092 Boxwood St                          YSW 9T2      Whitehorse                     Yukon                     CA

10 rows selected.
============================================================================================================================================================================================================
QUESTION 2:
  1  CREATE TABLE TOWNS
  2  AS (SELECT LOCATION_ID, STREET_ADDRESS, POSTAL_CODE, STATE_PROVINCE,COUNTRY_ID
  3      FROM LOCATIONS
  4*     WHERE LOCATION_ID < 1500)
SQL> /

Table created.

SQL> DESCRIBE TOWNS
 Name                                                                                                      Null?    Type
 ----------------------------------------------------------------------------------------------------------------- -------- ----------------------------------------------------------------------------
 LOCATION_ID                                                                                                        NUMBER(4)
 STREET_ADDRESS                                                                                                     VARCHAR2(40)
 POSTAL_CODE                                                                                                        VARCHAR2(12)
 STATE_PROVINCE                                                                                                     VARCHAR2(25)
 COUNTRY_ID                                                                                                         CHAR(2)

SQL> SELECT *
  2  FROM TOWNS
  3  /

LOCATION_ID STREET_ADDRESS                           POSTAL_CODE  STATE_PROVINCE            CO
----------- ---------------------------------------- ------------ ------------------------- --
       1000 1297 Via Cola di Rie                     00989                                  IT
       1100 93091 Calle della Testa                  10934                                  IT
       1200 2017 Shinjuku-ku                         1689         Tokyo Prefecture          JP
       1300 9450 Kamiya-cho                          6823                                   JP
       1400 2014 Jabberwocky Rd                      26192        Texas                     US
=================================================================================================================================================================================================================
QUESTION 3:
SQL> PURGE RECYCLEBIN;

Recyclebin purged.

SQL> DROP TABLE TOWNS
  2  /

Table dropped.

SQL> SELECT *
  2  FROM recyclebin
  3  /

OBJECT_NAME
--------------------------------------------------------------------------------------------------------------------------------
ORIGINAL_NAME                                                                                                            OPERATION TYPE                      TS_NAME
-------------------------------------------------------------------------------------------------------------------------------- --------- ------------------------- ------------------------------
CREATETIME          DROPTIME               DROPSCN PARTITION_NAME                                                                                                           CAN CAN    RELATED
------------------- ------------------- ---------- -------------------------------------------------------------------------------------------------------------------------------- --- --- ----------
BASE_OBJECT PURGE_OBJECT      SPACE
----------- ------------ ----------
BIN$oIdX+0WpWr7gUxhrZgo1og==$0
TOWNS                                                                                                                    DROP      TABLE                     USER_DATA
2020-03-10:16:43:50 2020-03-10:16:55:45  195037092                                                                                                                          YES YES     901492
     901492       901492          8
==================================================================================================================================================================================================================
QUESTION 4:
SQL> FLASHBACK TABLE TOWNS TO BEFORE DROP;

Flashback complete.

SQL> DESCRIBE TOWNS
 Name                                                                                                      Null?    Type
 ----------------------------------------------------------------------------------------------------------------- -------- ----------------------------------------------------------------------------
 LOCATION_ID                                                                                                        NUMBER(4)
 STREET_ADDRESS                                                                                                     VARCHAR2(40)
 POSTAL_CODE                                                                                                        VARCHAR2(12)
 STATE_PROVINCE                                                                                                     VARCHAR2(25)
 COUNTRY_ID                                                                                                         CHAR(2)

SQL> SELECT *
  2  FROM RECYCLEBIN
  3  /

no rows selected
=====================================================================================================================================================================================================================
QUESTION 5:
SQL> DROP TABLE TOWNS PURGE
  2  /

Table dropped.

SQL> SELECT *
  2  FROM RECYCLEBIN
  3  /

no rows selected

FLASHBACK TABLE TOWNS TO BEFORE DROP
*
ERROR at line 1:
ORA-38305: object not in RECYCLE BIN
==========================================================================================================================================================================================================================
QUESTION 6:
SQL> CREATE VIEW CAN_CITY_VU
  2  AS (SELECT STREET_ADDRESS, POSTAL_CODE, CITY, STATE_PROVINCE
  3      FROM CITIES
  4      WHERE COUNTRY_ID = 'CA')
  5  /

View created.

SQL> SELECT *
  2  FROM CAN_CITY_VU
  3  /

STREET_ADDRESS                           POSTAL_CODE  CITY                           STATE_PROVINCE
---------------------------------------- ------------ ------------------------------ -------------------------
147 Spadina Ave                          M5V 2L7      Toronto                        Ontario
6092 Boxwood St                          YSW 9T2      Whitehorse                     Yukon
==============================================================================================================================================================================================================================
QUESTION 7:
  1  CREATE OR REPLACE VIEW CAN_CITY_VU (Str_Adr, P_Code, City, Prov)
  2  AS (SELECT STREET_ADDRESS, POSTAL_CODE,CITY, STATE_PROVINCE
  3      FROM CITIES
  4*     WHERE COUNTRY_ID IN ('CA','IT'))
SQL> /

View created.

SQL> SELECT *
  2  FROM CAN_CITY_VU
  3  /

STR_ADR                                  P_CODE       CITY                           PROV
---------------------------------------- ------------ ------------------------------ -------------------------
1297 Via Cola di Rie                     00989        Roma
93091 Calle della Testa                  10934        Venice
147 Spadina Ave                          M5V 2L7      Toronto                        Ontario
6092 Boxwood St                          YSW 9T2      Whitehorse                     Yukon
===========================================================================================================================================================================================================================
QUESTION 8:
  1  CREATE VIEW CITY_DNAME_VU
  2  AS (SELECT D.DEPARTMENT_NAME, L.CITY, L.STATE_PROVINCE
  3     FROM DEPARTMENTS D RIGHT OUTER JOIN LOCATIONS L
  4     ON D.LOCATION_ID = L.LOCATION_ID
  5*    WHERE COUNTRY_ID IN ('CA', 'IT'))
SQL> /

View created.

SQL> SELECT *
  2  FROM CITY_DNAME_VU
  3  /

DEPARTMENT_NAME                CITY                           STATE_PROVINCE
------------------------------ ------------------------------ -------------------------
Marketing                      Toronto                        Ontario
                               Whitehorse                     Yukon
                               Roma
                               Venice
==========================================================================================================================================================================================================================
QUESTION 9:
SQL> CREATE OR REPLACE VIEW CITY_DNAME_VU (DName, City, Prov)
  2  AS (SELECT D.DEPARTMENT_NAME, L.CITY, L.STATE_PROVINCE
  3      FROM DEPARTMENTS D RIGHT OUTER JOIN LOCATIONS L
  4      ON D.LOCATION_ID = L.LOCATION_ID
  5      WHERE (COUNTRY_ID IN ('CA', 'IT') OR COUNTRY_ID != 'US'))
  6  /

View created.

SQL> SELECT *
  2  FROM CITY_DNAME_VU
  3  /

DNAME                          CITY                           PROV
------------------------------ ------------------------------ -------------------------
                               Roma
                               Venice
                               Tokyo                          Tokyo Prefecture
                               Hiroshima
Marketing                      Toronto                        Ontario
                               Whitehorse                     Yukon
                               Beijing
                               Bombay                         Maharashtra
                               Sydney                         New South Wales
                               Singapore
                               London
Sales                          Oxford                         Oxford
                               Stretford                      Manchester
                               Munich                         Bavaria
                               Sao Paulo                      Sao Paulo
                               Geneva                         Geneve
                               Bern                           BE
                               Utrecht                        Utrecht
                               Mexico City                    Distrito Federal,

19 rows selected.
=============================================================================================================================================================================================================================
QUESTION 10:
SQL> SELECT *
  2  FROM USER_VIEWS;

VIEW_NAME                                                                                                                TEXT_LENGTH
-------------------------------------------------------------------------------------------------------------------------------- -----------
TEXT
--------------------------------------------------------------------------------
TEXT_VC
--------------------------------------------------------------------------------------------------------------------------------------------------------------------------------------------------------
TYPE_TEXT_LENGTH
----------------
TYPE_TEXT
--------------------------------------------------------------------------------------------------------------------------------------------------------------------------------------------------------
OID_TEXT_LENGTH
---------------
OID_TEXT
--------------------------------------------------------------------------------------------------------------------------------------------------------------------------------------------------------
VIEW_TYPE_OWNER
--------------------------------------------------------------------------------------------------------------------------------
VIEW_TYPE
--------------------------------------------------------------------------------------------------------------------------------
SUPERVIEW_NAME                                                                                                           E R C BEQUEATH     ORIGIN_CON_ID
-------------------------------------------------------------------------------------------------------------------------------- - - - ------------ -------------
CITY_DNAME_VU                                                                                                                    202
(SELECT D.DEPARTMENT_NAME, L.CITY, L.STATE_PROVINCE
    FROM DEPARTMENTS D RIGHT
(SELECT D.DEPARTMENT_NAME, L.CITY, L.STATE_PROVINCE
    FROM DEPARTMENTS D RIGHT OUTER JOIN LOCATIONS L
    ON D.LOCATION_ID = L.LOCATION_ID
    WHERE (COUNTRY_ID IN ('CA', 'IT') OR COUNTRY_ID != 'US'))






                                                                                                                         N N N DEFINER                  0

CAN_CITY_VU                                                                                                                      109
(SELECT STREET_ADDRESS, POSTAL_CODE,CITY, STATE_PROVINCE
    FROM CITIES
    WHE
(SELECT STREET_ADDRESS, POSTAL_CODE,CITY, STATE_PROVINCE
    FROM CITIES
    WHERE COUNTRY_ID IN ('CA','IT'))






                                                                                                                         N N N DEFINER                  0



SQL> DROP VIEW CITY_DNAME_VU
  2  /

View dropped.




  1  SELECT *
  2* FROM USER_VIEWS
SQL> /

VIEW_NAME                                                                                                                TEXT_LENGTH
-------------------------------------------------------------------------------------------------------------------------------- -----------
TEXT
--------------------------------------------------------------------------------
TEXT_VC
--------------------------------------------------------------------------------------------------------------------------------------------------------------------------------------------------------
TYPE_TEXT_LENGTH
----------------
TYPE_TEXT
--------------------------------------------------------------------------------------------------------------------------------------------------------------------------------------------------------
OID_TEXT_LENGTH
---------------
OID_TEXT
--------------------------------------------------------------------------------------------------------------------------------------------------------------------------------------------------------
VIEW_TYPE_OWNER
--------------------------------------------------------------------------------------------------------------------------------
VIEW_TYPE
--------------------------------------------------------------------------------------------------------------------------------
SUPERVIEW_NAME                                                                                                           E R C BEQUEATH     ORIGIN_CON_ID
-------------------------------------------------------------------------------------------------------------------------------- - - - ------------ -------------
CAN_CITY_VU                                                                                                                      109
(SELECT STREET_ADDRESS, POSTAL_CODE,CITY, STATE_PROVINCE
    FROM CITIES
    WHE
(SELECT STREET_ADDRESS, POSTAL_CODE,CITY, STATE_PROVINCE
    FROM CITIES
    WHERE COUNTRY_ID IN ('CA','IT'))






                                                                                                                         N N N DEFINER                  0



